==WARNING== Note: Running with uncontrolled GPU caches. Profiling results may be inconsistent.
==WARNING== Note: Running with unmodified GPU clocks. If not controlled otherwise, profiling results may be inconsistent.
==PROF== Connected to process 7196 (<TEMP>\v100\t02_fused.exe)
==PROF== Profiling "fused_q6k_gemm_kernel": 0%....50%....100% - 18 passes
==PROF== Profiling "fused_q6k_gemm_kernel": 0%....50%....100% - 18 passes
==PROF== Disconnected from process 7196
[7196] t02_fused.exe@127.0.0.1
  fused_q6k_gemm_kernel(const block_q6_K *, const __half *, float *, int, int, int, int) (544, 8, 1)x(128, 1, 1), Context 1, Stream 7, Device 0, CC 7.0
    Warning: Data collection happened without fixed GPU frequencies. Profiling results may be inconsistent.
    Section: GPU Speed Of Light Throughput
    ----------------------- ----------- ------------
    Metric Name             Metric Unit Metric Value
    ----------------------- ----------- ------------
    DRAM Frequency                  Mhz       877.50
    SM Frequency                    Ghz         1.30
    Elapsed Cycles                cycle    8,151,457
    Memory Throughput                 %        11.24
    DRAM Throughput                   %        11.24
    Duration                         ms         6.28
    L1/TEX Cache Throughput           %         6.86
    Waves Per SM                               54.40
    L2 Cache Throughput               %         4.25
    SM Active Cycles              cycle 8,064,474.08
    Compute (SM) Throughput           %        14.58
    ----------------------- ----------- ------------

    GPU Throughput Chart
    Table Name : GPU Throughput
    ---------------- ----------- ------------
    Metric Name      Metric Unit Metric Value
    ---------------- ----------- ------------
    Memory [%]                 %        11.24
    Compute (SM) [%]           %        14.58
    ---------------- ----------- ------------

    GPU Throughput Breakdown
    Table Name : Compute Throughput Breakdown
    -------------------------------------------- ----------- ------------
    Metric Name                                  Metric Unit Metric Value
    -------------------------------------------- ----------- ------------
    SM: Pipe Alu Cycles Active                             %        14.58
    SM: Inst Executed Pipe Xu                              %        14.52
    SM: Inst Executed                                      %        14.11
    SM: Issue Active                                       %        14.11
    SM: Pipe Fma Cycles Active                             %         6.94
    SM: Inst Executed Pipe Lsu                             %         4.89
    SM: Mio Inst Issued                                    %         2.47
    SM: Mio2rf Writeback Active                            %         2.34
    SM: Mio Pq Read Cycles Active                          %         1.82
    SM: Mio Pq Write Cycles Active                         %         1.75
    SM: Inst Executed Pipe Cbu Pred On Any                 %         0.53
    SM: Inst Executed Pipe Fp16                            %         0.21
    SM: Pipe Shared Cycles Active                          %         0.21
    SM: Inst Executed Pipe Adu                             %         0.12
    IDC: Request Cycles Active                             %            0
    SM: Inst Executed Pipe Ipa                             %            0
    SM: Inst Executed Pipe Tex                             %            0
    SM: Instruction Throughput Internal Activity           %            0
    SM: Memory Throughput Internal Activity                %            0
    SM: Pipe Fp64 Cycles Active                            %            0
    SM: Pipe Tensor Cycles Active                          %            0
    -------------------------------------------- ----------- ------------

    Table Name : Memory Throughput Breakdown
    -------------------------------------------------------- ----------- ------------
    Metric Name                                              Metric Unit Metric Value
    -------------------------------------------------------- ----------- ------------
    DRAM: Cycles Active                                                %        11.24
    DRAM: Dram Sectors                                                 %         8.07
    L1: Data Pipe Lsu Wavefronts                                       %         6.79
    L1: Lsu Writeback Active                                           %         4.78
    L1: Lsuin Requests                                                 %         4.78
    L2: T Sectors                                                      %         4.25
    L2: D Sectors Fill Device                                          %         3.77
    L2: Lts2xbar Cycles Active                                         %         3.76
    L1: M Xbar2l1tex Read Sectors                                      %         2.83
    L2: Xbar2lts Cycles Active                                         %         2.76
    L2: T Tag Requests                                                 %         2.33
    GPU: Compute Memory Access Throughput Internal Activity            %         2.31
    L1: M L1tex2xbar Req Cycles Active                                 %         2.08
    L2: D Sectors                                                      %         2.07
    L1: Data Bank Reads                                                %         0.70
    L1: Data Bank Writes                                               %         0.48
    L1: Texin Sm2tex Req Cycles Active                                 %         0.03
    GPU: Compute Memory Request Throughput Internal Activity           %            0
    L1: Data Pipe Tex Wavefronts                                       %            0
    L1: F Wavefronts                                                   %         0.00
    L1: Tex Writeback Active                                           %            0
    L2: D Atomic Input Cycles Active                                   %            0
    L2: D Sectors Fill Sysmem                                          %         0.00
    -------------------------------------------------------- ----------- ------------

    OPT   This workload exhibits low compute throughput and memory bandwidth utilization relative to the peak           
          performance of this device. Achieved compute throughput and/or memory bandwidth below 60.0% of peak           
          typically indicate latency issues. Look at Scheduler Statistics and Warp State Statistics for potential       
          reasons.                                                                                                      

    Section: Scheduler Statistics
    -------------------------------------- ----------- ------------
    Metric Name                            Metric Unit Metric Value
    -------------------------------------- ----------- ------------
    One or More Eligible                             %        14.27
    Issued Warp Per Scheduler                                  0.14
    No Eligible                                      %        85.73
    Theoretical Active Warps Per Scheduler        warp           16
    Active Warps Per Scheduler                    warp         1.00
    Eligible Warps Per Scheduler                  warp         0.14
    -------------------------------------- ----------- ------------

    Table Name : Warps Per Scheduler
    ------------------------------- ----------- ------------
    Metric Name                     Metric Unit Metric Value
    ------------------------------- ----------- ------------
    Issued Warp Per Scheduler                           0.14
    Theoretical Warps Per Scheduler        warp            1
    GPU Maximum Warps Per Scheduler        warp           16
    Active Warps Per Scheduler             warp         1.00
    Eligible Warps Per Scheduler           warp         0.14
    ------------------------------- ----------- ------------

    OPT   Est. Local Speedup: 85.42%                                                                                    
          Every scheduler is capable of issuing one instruction per cycle, but for this workload each scheduler only    
          issues an instruction every 7.0 cycles. This might leave hardware resources underutilized and may lead to     
          less optimal performance. Out of the maximum of 16 warps per scheduler, this workload allocates an average    
          of 1.00 active warps per scheduler, which already limits the scheduler to less than a warp per instruction.   

    Section: Warp State Statistics
    ---------------------------------------- ----------- ------------
    Metric Name                              Metric Unit Metric Value
    ---------------------------------------- ----------- ------------
    Warp Cycles Per Issued Instruction             cycle         7.00
    Warp Cycles Per Executed Instruction           cycle         7.00
    Issued Warp Per Scheduler                                    0.14
    Avg. Active Threads Per Warp                                   32
    Avg. Not Predicated Off Threads Per Warp                    30.94
    ---------------------------------------- ----------- ------------

    Table Name : Warp State (All Cycles)
    ------------------------ ----------- ------------
    Metric Name              Metric Unit Metric Value
    ------------------------ ----------- ------------
    Stall Long Scoreboard           inst         3.69
    Stall Wait                      inst         1.71
    Selected                        inst         1.00
    Stall Short Scoreboard          inst         0.22
    Stall LG Throttle               inst         0.19
    Stall Barrier                   inst         0.10
    Stall Branch Resolving          inst         0.03
    Stall Dispatch Stall            inst         0.03
    Stall No Instruction            inst         0.02
    Stall Drain                     inst         0.01
    Stall IMC Miss                  inst         0.00
    Stall Math Pipe Throttle        inst         0.00
    Stall Membar                    inst            0
    Stall MIO Throttle              inst            0
    Stall Misc                      inst         0.00
    Stall Not Selected              inst            0
    Stall Sleeping                  inst            0
    Stall Tex Throttle              inst            0
    ------------------------ ----------- ------------

    WRN   The optional metric smsp__pcsamp_sample_count could not be found. Collecting it as an additional metric could 
          enable the rule to provide more guidance.                                                                     
    ----- --------------------------------------------------------------------------------------------------------------
    OPT   Est. Speedup: 52.67%                                                                                          
          On average, each warp of this workload spends 3.7 cycles being stalled waiting for a scoreboard dependency on 
          a L1TEX (local, global, surface, texture) operation. Find the instruction producing the data being waited     
          upon to identify the culprit. To reduce the number of cycles waiting on L1TEX data accesses verify the        
          memory access patterns are optimal for the target architecture, attempt to increase cache hit rates by        
          increasing data locality (coalescing), or by changing the cache configuration. Consider moving frequently     
          used data to shared memory. This stall type represents about 52.7% of the total average of 7.0 cycles         
          between issuing two instructions.                                                                             
    ----- --------------------------------------------------------------------------------------------------------------
    INF   Check the Warp Stall Sampling (All Samples) table for the top stall locations in your source based on         
          sampling data. The Profiling Guide                                                                            
          (https://docs.nvidia.com/nsight-compute/ProfilingGuide/index.html#metrics-reference) provides more details    
          on each stall reason.                                                                                         

    Section: Launch Statistics
    -------------------------------- --------------- ---------------
    Metric Name                          Metric Unit    Metric Value
    -------------------------------- --------------- ---------------
    Block Size                                                   128
    Function Cache Configuration                     CachePreferNone
    Grid Size                                                  4,352
    Registers Per Thread             register/thread             100
    Shared Memory Configuration Size           Kbyte           65.54
    Driver Shared Memory Per Block        byte/block               0
    Dynamic Shared Memory Per Block      Kbyte/block           50.69
    Static Shared Memory Per Block        byte/block               0
    # SMs                                         SM              80
    Stack Size                                                 1,024
    Threads                                   thread         557,056
    # TPCs                                                        40
    Enabled TPC IDs                                              all
    Uses Green Context                                             0
    Waves Per SM                                               54.40
    Theoretical Occupancy                          %            6.25
    Achieved Occupancy                             %            6.25
    -------------------------------- --------------- ---------------

    Section: Occupancy
    ------------------------------- ----------- ------------
    Metric Name                     Metric Unit Metric Value
    ------------------------------- ----------- ------------
    Block Limit SM                        block           32
    Block Limit Registers                 block            4
    Block Limit Shared Mem                block            1
    Block Limit Warps                     block           16
    Theoretical Active Warps per SM        warp            4
    Theoretical Occupancy                     %         6.25
    Achieved Occupancy                        %         6.25
    Achieved Active Warps Per SM           warp         4.00
    Theoretical Warps Per Scheduler        warp            1
    GPU Maximum Warps Per Scheduler        warp           16
    ------------------------------- ----------- ------------

    % Occupancy Graphs
    Table Name : Impact of Varying Register Count Per Thread
    ------------------------------ --------------- ------------------------------
    Metric Name                        Metric Unit                   Metric Value
    ------------------------------ --------------- ------------------------------
    % Occupancy Per Register Count      %/register    1,542 (6; 6; 6; 6; 6; 6; 6;
                                                       6; 6; 6; 6; 6; 6; 6; 6; 6;
                                                       6; 6; 6; 6; 6; 6; 6; 6; 6;
                                                       6; 6; 6; 6; 6; 6; 6; 6; 6;
                                                       6; 6; 6; 6; 6; 6; 6; 6; 6;
                                                       6; 6; 6; 6; 6; 6; 6; 6; 6;
                                                       6; 6; 6; 6; 6; 6; 6; 6; 6;
                                                       6; 6; 6; 6; 6; 6; 6; 6; 6;
                                                       6; 6; 6; 6; 6; 6; 6; 6; 6;
                                                       6; 6; 6; 6; 6; 6; 6; 6; 6;
                                                       6; 6; 6; 6; 6; 6; 6; 6; 6;
                                                       6; 6; 6; 6; 6; 6; 6; 6; 6;
                                                       6; 6; 6; 6; 6; 6; 6; 6; 6;
                                                       6; 6; 6; 6; 6; 6; 6; 6; 6;
                                                       6; 6; 6; 6; 6; 6; 6; 6; 6;
                                                       6; 6; 6; 6; 6; 6; 6; 6; 6;
                                                       6; 6; 6; 6; 6; 6; 6; 6; 6;
                                                       6; 6; 6; 6; 6; 6; 6; 6; 6;
                                                       6; 6; 6; 6; 6; 6; 6; 6; 6;
                                                       6; 6; 6; 6; 6; 6; 6; 6; 6;
                                                       6; 6; 6; 6; 6; 6; 6; 6; 6;
                                                       6; 6; 6; 6; 6; 6; 6; 6; 6;
                                                       6; 6; 6; 6; 6; 6; 6; 6; 6;
                                                       6; 6; 6; 6; 6; 6; 6; 6; 6;
                                                       6; 6; 6; 6; 6; 6; 6; 6; 6;
                                                       6; 6; 6; 6; 6; 6; 6; 6; 6;
                                                       6; 6; 6; 6; 6; 6; 6; 6; 6;
                                                       6; 6; 6; 6; 6; 6; 6; 6; 6;
                                                             6; 6; 6; 6; 6; 6; 6)
    Registers Per Thread           register/thread                            100
    ------------------------------ --------------- ------------------------------

    Table Name : Impact of Varying Block Size
    -------------------------- ----------- ------------------------------
    Metric Name                Metric Unit                   Metric Value
    -------------------------- ----------- ------------------------------
    % Occupancy Per Block Size           %   411 (1; 1; 1; 3; 3; 4; 4; 6;
                                               6; 7; 7; 9; 9; 10; 10; 12;
                                              12; 14; 14; 15; 15; 17; 17;
                                              18; 18; 20; 20; 21; 21; 23;
                                               23; 25; 25; 0; 0; 0; 0; 0;
                                               0; 0; 0; 0; 0; 0; 0; 0; 0;
                                               0; 0; 0; 0; 0; 0; 0; 0; 0;
                                               0; 0; 0; 0; 0; 0; 0; 0; 0)
    Block Size                                                        128
    -------------------------- ----------- ------------------------------

    Table Name : Impact of Varying Shared Memory Usage Per Block
    ------------------------------- ----------- ------------------------------
    Metric Name                     Metric Unit                   Metric Value
    ------------------------------- ----------- ------------------------------
    % Occupancy Per Shared Mem Size     %/Kbyte  2.03 (0.03; 0.03; 0.03; 0.03;
                                                       0.03; 0.03; 0.03; 0.03;
                                                       0.03; 0.03; 0.03; 0.03;
                                                       0.03; 0.03; 0.03; 0.03;
                                                       0.03; 0.03; 0.03; 0.03;
                                                       0.03; 0.03; 0.03; 0.03;
                                                       0.03; 0.03; 0.03; 0.03;
                                                       0.03; 0.03; 0.03; 0.03;
                                                       0.03; 0.02; 0.02; 0.02;
                                                       0.02; 0.02; 0.02; 0.02;
                                                       0.02; 0.02; 0.02; 0.01;
                                                       0.01; 0.01; 0.01; 0.01;
                                                       0.01; 0.01; 0.01; 0.01;
                                                       0.01; 0.01; 0.01; 0.01;
                                                       0.01; 0.01; 0.01; 0.01;
                                                       0.01; 0.01; 0.01; 0.01;
                                                       0.01; 0.01; 0.01; 0.01;
                                                       0.01; 0.01; 0.01; 0.01;
                                                       0.01; 0.01; 0.01; 0.01;
                                                       0.01; 0.01; 0.01; 0.01;
                                                       0.01; 0.01; 0.01; 0.01;
                                                       0.01; 0.01; 0.01; 0.01;
                                                       0.01; 0.01; 0.01; 0.01;
                                                       0.01; 0.01; 0.01; 0.01;
                                                       0.01; 0.01; 0.01; 0.01;
                                                       0.01; 0.01; 0.01; 0.01;
                                                       0.01; 0.01; 0.01; 0.01;
                                                       0.01; 0.01; 0.01; 0.01;
                                                       0.01; 0.01; 0.01; 0.01;
                                                       0.01; 0.01; 0.01; 0.01;
                                                       0.01; 0.01; 0.01; 0.01;
                                                       0.01; 0.01; 0.01; 0.01;
                                                       0.01; 0.01; 0.01; 0.01;
                                                       0.01; 0.01; 0.01; 0.01;
                                                       0.01; 0.01; 0.01; 0.01;
                                                       0.01; 0.01; 0.01; 0.01;
                                                       0.01; 0.01; 0.01; 0.01;
                                                       0.01; 0.01; 0.01; 0.01;
                                                       0.01; 0.01; 0.01; 0.01;
                                                       0.01; 0.01; 0.01; 0.01;
                                                       0.01; 0.01; 0.01; 0.01;
                                                       0.01; 0.01; 0.01; 0.01;
                                                       0.01; 0.01; 0.01; 0.01;
                                                       0.01; 0.01; 0.01; 0.01;
                                                       0.01; 0.01; 0.01; 0.01;
                                                       0.01; 0.01; 0.01; 0.01;
                                                       0.01; 0.01; 0.01; 0.01;
                                                       0.01; 0.01; 0.01; 0.01)
    Shared Memory Per Block         Kbyte/block                          50.69
    ------------------------------- ----------- ------------------------------

    # Warps Graphs
    Table Name : Impact of Varying Register Count Per Thread
    -------------------------- --------------- ------------------------------
    Metric Name                    Metric Unit                   Metric Value
    -------------------------- --------------- ------------------------------
    # Warps Per Register Count                    1,028 (4; 4; 4; 4; 4; 4; 4;
                                                   4; 4; 4; 4; 4; 4; 4; 4; 4;
                                                   4; 4; 4; 4; 4; 4; 4; 4; 4;
                                                   4; 4; 4; 4; 4; 4; 4; 4; 4;
                                                   4; 4; 4; 4; 4; 4; 4; 4; 4;
                                                   4; 4; 4; 4; 4; 4; 4; 4; 4;
                                                   4; 4; 4; 4; 4; 4; 4; 4; 4;
                                                   4; 4; 4; 4; 4; 4; 4; 4; 4;
                                                   4; 4; 4; 4; 4; 4; 4; 4; 4;
                                                   4; 4; 4; 4; 4; 4; 4; 4; 4;
                                                   4; 4; 4; 4; 4; 4; 4; 4; 4;
                                                   4; 4; 4; 4; 4; 4; 4; 4; 4;
                                                   4; 4; 4; 4; 4; 4; 4; 4; 4;
                                                   4; 4; 4; 4; 4; 4; 4; 4; 4;
                                                   4; 4; 4; 4; 4; 4; 4; 4; 4;
                                                   4; 4; 4; 4; 4; 4; 4; 4; 4;
                                                   4; 4; 4; 4; 4; 4; 4; 4; 4;
                                                   4; 4; 4; 4; 4; 4; 4; 4; 4;
                                                   4; 4; 4; 4; 4; 4; 4; 4; 4;
                                                   4; 4; 4; 4; 4; 4; 4; 4; 4;
                                                   4; 4; 4; 4; 4; 4; 4; 4; 4;
                                                   4; 4; 4; 4; 4; 4; 4; 4; 4;
                                                   4; 4; 4; 4; 4; 4; 4; 4; 4;
                                                   4; 4; 4; 4; 4; 4; 4; 4; 4;
                                                   4; 4; 4; 4; 4; 4; 4; 4; 4;
                                                   4; 4; 4; 4; 4; 4; 4; 4; 4;
                                                   4; 4; 4; 4; 4; 4; 4; 4; 4;
                                                   4; 4; 4; 4; 4; 4; 4; 4; 4;
                                                         4; 4; 4; 4; 4; 4; 4)
    Registers Per Thread       register/thread                            100
    -------------------------- --------------- ------------------------------

    Table Name : Impact of Varying Block Size
    ---------------------- ----------- ------------------------------
    Metric Name            Metric Unit                   Metric Value
    ---------------------- ----------- ------------------------------
    Block Size                                                    128
    # Warps Per Block Size               273 (1; 1; 1; 2; 2; 3; 3; 4;
                                           4; 5; 5; 6; 6; 7; 7; 8; 8;
                                            9; 9; 10; 10; 11; 11; 12;
                                          12; 13; 13; 14; 14; 15; 15;
                                         16; 16; 0; 0; 0; 0; 0; 0; 0;
                                           0; 0; 0; 0; 0; 0; 0; 0; 0;
                                           0; 0; 0; 0; 0; 0; 0; 0; 0;
                                                 0; 0; 0; 0; 0; 0; 0)
    ---------------------- ----------- ------------------------------

    Table Name : Impact of Varying Shared Memory Usage Per Block
    --------------------------- ----------- ------------------------------
    Metric Name                 Metric Unit                   Metric Value
    --------------------------- ----------- ------------------------------
    # Warps Per Shared Mem Size                 1,332 (16; 16; 16; 16; 16;
                                               16; 16; 16; 16; 16; 16; 16;
                                               16; 16; 16; 16; 16; 16; 16;
                                               16; 16; 16; 16; 16; 16; 16;
                                               16; 16; 16; 16; 16; 16; 16;
                                               12; 12; 12; 12; 12; 12; 12;
                                                12; 12; 12; 8; 8; 8; 8; 8;
                                                8; 8; 8; 8; 8; 8; 8; 8; 8;
                                                8; 8; 8; 8; 8; 8; 8; 8; 4;
                                                4; 4; 4; 4; 4; 4; 4; 4; 4;
                                                4; 4; 4; 4; 4; 4; 4; 4; 4;
                                                4; 4; 4; 4; 4; 4; 4; 4; 4;
                                                4; 4; 4; 4; 4; 4; 4; 4; 4;
                                                4; 4; 4; 4; 4; 4; 4; 4; 4;
                                                4; 4; 4; 4; 4; 4; 4; 4; 4;
                                                4; 4; 4; 4; 4; 4; 4; 4; 4;
                                                4; 4; 4; 4; 4; 4; 4; 4; 4;
                                                4; 4; 4; 4; 4; 4; 4; 4; 4;
                                                4; 4; 4; 4; 4; 4; 4; 4; 4;
                                                4; 4; 4; 4; 4; 4; 4; 4; 4;
                                                4; 4; 4; 4; 4; 4; 4; 4; 4;
                                                4; 4; 4; 4; 4; 4; 4; 4; 4;
                                                4; 4; 4; 4; 4; 4; 4; 4; 4)
    Shared Memory Per Block     Kbyte/block                          50.69
    --------------------------- ----------- ------------------------------

    OPT   Est. Speedup: 85.42%                                                                                          
          The 1.00 theoretical warps per scheduler this kernel can issue according to its occupancy are below the       
          hardware maximum of 16. This kernel's theoretical occupancy (6.2%) is limited by the required amount of       
          shared memory.                                                                                                

  fused_q6k_gemm_kernel(const block_q6_K *, const __half *, float *, int, int, int, int) (544, 8, 1)x(128, 1, 1), Context 1, Stream 7, Device 0, CC 7.0
    Warning: Data collection happened without fixed GPU frequencies. Profiling results may be inconsistent.
    Section: GPU Speed Of Light Throughput
    ----------------------- ----------- ------------
    Metric Name             Metric Unit Metric Value
    ----------------------- ----------- ------------
    DRAM Frequency                  Mhz       877.49
    SM Frequency                    Ghz         1.30
    Elapsed Cycles                cycle    8,151,505
    Memory Throughput                 %        11.24
    DRAM Throughput                   %        11.24
    Duration                         ms         6.28
    L1/TEX Cache Throughput           %         6.87
    Waves Per SM                               54.40
    L2 Cache Throughput               %         4.25
    SM Active Cycles              cycle    8,062,144
    Compute (SM) Throughput           %        14.59
    ----------------------- ----------- ------------

    GPU Throughput Chart
    Table Name : GPU Throughput
    ---------------- ----------- ------------
    Metric Name      Metric Unit Metric Value
    ---------------- ----------- ------------
    Memory [%]                 %        11.24
    Compute (SM) [%]           %        14.59
    ---------------- ----------- ------------

    GPU Throughput Breakdown
    Table Name : Compute Throughput Breakdown
    -------------------------------------------- ----------- ------------
    Metric Name                                  Metric Unit Metric Value
    -------------------------------------------- ----------- ------------
    SM: Pipe Alu Cycles Active                             %        14.59
    SM: Inst Executed Pipe Xu                              %        14.53
    SM: Inst Executed                                      %        14.12
    SM: Issue Active                                       %        14.12
    SM: Pipe Fma Cycles Active                             %         6.94
    SM: Inst Executed Pipe Lsu                             %         4.89
    SM: Mio Inst Issued                                    %         2.48
    SM: Mio2rf Writeback Active                            %         2.34
    SM: Mio Pq Read Cycles Active                          %         1.82
    SM: Mio Pq Write Cycles Active                         %         1.75
    SM: Inst Executed Pipe Cbu Pred On Any                 %         0.53
    SM: Inst Executed Pipe Fp16                            %         0.21
    SM: Pipe Shared Cycles Active                          %         0.21
    SM: Inst Executed Pipe Adu                             %         0.12
    IDC: Request Cycles Active                             %            0
    SM: Inst Executed Pipe Ipa                             %            0
    SM: Inst Executed Pipe Tex                             %            0
    SM: Instruction Throughput Internal Activity           %            0
    SM: Memory Throughput Internal Activity                %            0
    SM: Pipe Fp64 Cycles Active                            %            0
    SM: Pipe Tensor Cycles Active                          %            0
    -------------------------------------------- ----------- ------------

    Table Name : Memory Throughput Breakdown
    -------------------------------------------------------- ----------- ------------
    Metric Name                                              Metric Unit Metric Value
    -------------------------------------------------------- ----------- ------------
    DRAM: Cycles Active                                                %        11.24
    DRAM: Dram Sectors                                                 %         8.07
    L1: Data Pipe Lsu Wavefronts                                       %         6.80
    L1: Lsuin Requests                                                 %         4.79
    L1: Lsu Writeback Active                                           %         4.78
    L2: T Sectors                                                      %         4.25
    L2: D Sectors Fill Device                                          %         3.77
    L2: Lts2xbar Cycles Active                                         %         3.76
    L1: M Xbar2l1tex Read Sectors                                      %         2.83
    L2: Xbar2lts Cycles Active                                         %         2.76
    L2: T Tag Requests                                                 %         2.33
    GPU: Compute Memory Access Throughput Internal Activity            %         2.31
    L1: M L1tex2xbar Req Cycles Active                                 %         2.08
    L2: D Sectors                                                      %         2.07
    L1: Data Bank Reads                                                %         0.70
    L1: Data Bank Writes                                               %         0.48
    L1: Texin Sm2tex Req Cycles Active                                 %         0.03
    GPU: Compute Memory Request Throughput Internal Activity           %            0
    L1: Data Pipe Tex Wavefronts                                       %            0
    L1: F Wavefronts                                                   %         0.00
    L1: Tex Writeback Active                                           %            0
    L2: D Atomic Input Cycles Active                                   %            0
    L2: D Sectors Fill Sysmem                                          %         0.00
    -------------------------------------------------------- ----------- ------------

    OPT   This workload exhibits low compute throughput and memory bandwidth utilization relative to the peak           
          performance of this device. Achieved compute throughput and/or memory bandwidth below 60.0% of peak           
          typically indicate latency issues. Look at Scheduler Statistics and Warp State Statistics for potential       
          reasons.                                                                                                      

    Section: Scheduler Statistics
    -------------------------------------- ----------- ------------
    Metric Name                            Metric Unit Metric Value
    -------------------------------------- ----------- ------------
    One or More Eligible                             %        14.27
    Issued Warp Per Scheduler                                  0.14
    No Eligible                                      %        85.73
    Theoretical Active Warps Per Scheduler        warp           16
    Active Warps Per Scheduler                    warp         1.00
    Eligible Warps Per Scheduler                  warp         0.14
    -------------------------------------- ----------- ------------

    Table Name : Warps Per Scheduler
    ------------------------------- ----------- ------------
    Metric Name                     Metric Unit Metric Value
    ------------------------------- ----------- ------------
    Issued Warp Per Scheduler                           0.14
    Theoretical Warps Per Scheduler        warp            1
    GPU Maximum Warps Per Scheduler        warp           16
    Active Warps Per Scheduler             warp         1.00
    Eligible Warps Per Scheduler           warp         0.14
    ------------------------------- ----------- ------------

    OPT   Est. Local Speedup: 85.41%                                                                                    
          Every scheduler is capable of issuing one instruction per cycle, but for this workload each scheduler only    
          issues an instruction every 7.0 cycles. This might leave hardware resources underutilized and may lead to     
          less optimal performance. Out of the maximum of 16 warps per scheduler, this workload allocates an average    
          of 1.00 active warps per scheduler, but only an average of 0.14 warps were eligible per cycle. Eligible       
          warps are the subset of active warps that are ready to issue their next instruction. Every cycle with no      
          eligible warp results in no instruction being issued and the issue slot remains unused. To increase the       
          number of eligible warps, avoid possible load imbalances due to highly different execution durations per      
          warp. Reducing stalls indicated on the Warp State Statistics and Source Counters sections can help, too.      

    Section: Warp State Statistics
    ---------------------------------------- ----------- ------------
    Metric Name                              Metric Unit Metric Value
    ---------------------------------------- ----------- ------------
    Warp Cycles Per Issued Instruction             cycle         7.01
    Warp Cycles Per Executed Instruction           cycle         7.01
    Issued Warp Per Scheduler                                    0.14
    Avg. Active Threads Per Warp                                   32
    Avg. Not Predicated Off Threads Per Warp                    30.94
    ---------------------------------------- ----------- ------------

    Table Name : Warp State (All Cycles)
    ------------------------ ----------- ------------
    Metric Name              Metric Unit Metric Value
    ------------------------ ----------- ------------
    Stall Long Scoreboard           inst         3.69
    Stall Wait                      inst         1.71
    Selected                        inst         1.00
    Stall Short Scoreboard          inst         0.22
    Stall LG Throttle               inst         0.19
    Stall Barrier                   inst         0.10
    Stall Branch Resolving          inst         0.03
    Stall Dispatch Stall            inst         0.03
    Stall No Instruction            inst         0.02
    Stall Drain                     inst         0.01
    Stall IMC Miss                  inst         0.00
    Stall Math Pipe Throttle        inst         0.00
    Stall Membar                    inst            0
    Stall MIO Throttle              inst            0
    Stall Misc                      inst         0.00
    Stall Not Selected              inst            0
    Stall Sleeping                  inst            0
    Stall Tex Throttle              inst            0
    ------------------------ ----------- ------------

    WRN   The optional metric smsp__pcsamp_sample_count could not be found. Collecting it as an additional metric could 
          enable the rule to provide more guidance.                                                                     
    ----- --------------------------------------------------------------------------------------------------------------
    OPT   Est. Speedup: 52.65%                                                                                          
          On average, each warp of this workload spends 3.7 cycles being stalled waiting for a scoreboard dependency on 
          a L1TEX (local, global, surface, texture) operation. Find the instruction producing the data being waited     
          upon to identify the culprit. To reduce the number of cycles waiting on L1TEX data accesses verify the        
          memory access patterns are optimal for the target architecture, attempt to increase cache hit rates by        
          increasing data locality (coalescing), or by changing the cache configuration. Consider moving frequently     
          used data to shared memory. This stall type represents about 52.7% of the total average of 7.0 cycles         
          between issuing two instructions.                                                                             
    ----- --------------------------------------------------------------------------------------------------------------
    INF   Check the Warp Stall Sampling (All Samples) table for the top stall locations in your source based on         
          sampling data. The Profiling Guide                                                                            
          (https://docs.nvidia.com/nsight-compute/ProfilingGuide/index.html#metrics-reference) provides more details    
          on each stall reason.                                                                                         

    Section: Launch Statistics
    -------------------------------- --------------- ---------------
    Metric Name                          Metric Unit    Metric Value
    -------------------------------- --------------- ---------------
    Block Size                                                   128
    Function Cache Configuration                     CachePreferNone
    Grid Size                                                  4,352
    Registers Per Thread             register/thread             100
    Shared Memory Configuration Size           Kbyte           65.54
    Driver Shared Memory Per Block        byte/block               0
    Dynamic Shared Memory Per Block      Kbyte/block           50.69
    Static Shared Memory Per Block        byte/block               0
    # SMs                                         SM              80
    Stack Size                                                 1,024
    Threads                                   thread         557,056
    # TPCs                                                        40
    Enabled TPC IDs                                              all
    Uses Green Context                                             0
    Waves Per SM                                               54.40
    Theoretical Occupancy                          %            6.25
    Achieved Occupancy                             %            6.25
    -------------------------------- --------------- ---------------

    Section: Occupancy
    ------------------------------- ----------- ------------
    Metric Name                     Metric Unit Metric Value
    ------------------------------- ----------- ------------
    Block Limit SM                        block           32
    Block Limit Registers                 block            4
    Block Limit Shared Mem                block            1
    Block Limit Warps                     block           16
    Theoretical Active Warps per SM        warp            4
    Theoretical Occupancy                     %         6.25
    Achieved Occupancy                        %         6.25
    Achieved Active Warps Per SM           warp         4.00
    Theoretical Warps Per Scheduler        warp            1
    GPU Maximum Warps Per Scheduler        warp           16
    ------------------------------- ----------- ------------

    % Occupancy Graphs
    Table Name : Impact of Varying Register Count Per Thread
    ------------------------------ --------------- ------------------------------
    Metric Name                        Metric Unit                   Metric Value
    ------------------------------ --------------- ------------------------------
    % Occupancy Per Register Count      %/register    1,542 (6; 6; 6; 6; 6; 6; 6;
                                                       6; 6; 6; 6; 6; 6; 6; 6; 6;
                                                       6; 6; 6; 6; 6; 6; 6; 6; 6;
                                                       6; 6; 6; 6; 6; 6; 6; 6; 6;
                                                       6; 6; 6; 6; 6; 6; 6; 6; 6;
                                                       6; 6; 6; 6; 6; 6; 6; 6; 6;
                                                       6; 6; 6; 6; 6; 6; 6; 6; 6;
                                                       6; 6; 6; 6; 6; 6; 6; 6; 6;
                                                       6; 6; 6; 6; 6; 6; 6; 6; 6;
                                                       6; 6; 6; 6; 6; 6; 6; 6; 6;
                                                       6; 6; 6; 6; 6; 6; 6; 6; 6;
                                                       6; 6; 6; 6; 6; 6; 6; 6; 6;
                                                       6; 6; 6; 6; 6; 6; 6; 6; 6;
                                                       6; 6; 6; 6; 6; 6; 6; 6; 6;
                                                       6; 6; 6; 6; 6; 6; 6; 6; 6;
                                                       6; 6; 6; 6; 6; 6; 6; 6; 6;
                                                       6; 6; 6; 6; 6; 6; 6; 6; 6;
                                                       6; 6; 6; 6; 6; 6; 6; 6; 6;
                                                       6; 6; 6; 6; 6; 6; 6; 6; 6;
                                                       6; 6; 6; 6; 6; 6; 6; 6; 6;
                                                       6; 6; 6; 6; 6; 6; 6; 6; 6;
                                                       6; 6; 6; 6; 6; 6; 6; 6; 6;
                                                       6; 6; 6; 6; 6; 6; 6; 6; 6;
                                                       6; 6; 6; 6; 6; 6; 6; 6; 6;
                                                       6; 6; 6; 6; 6; 6; 6; 6; 6;
                                                       6; 6; 6; 6; 6; 6; 6; 6; 6;
                                                       6; 6; 6; 6; 6; 6; 6; 6; 6;
                                                       6; 6; 6; 6; 6; 6; 6; 6; 6;
                                                             6; 6; 6; 6; 6; 6; 6)
    Registers Per Thread           register/thread                            100
    ------------------------------ --------------- ------------------------------

    Table Name : Impact of Varying Block Size
    -------------------------- ----------- ------------------------------
    Metric Name                Metric Unit                   Metric Value
    -------------------------- ----------- ------------------------------
    % Occupancy Per Block Size           %   411 (1; 1; 1; 3; 3; 4; 4; 6;
                                               6; 7; 7; 9; 9; 10; 10; 12;
                                              12; 14; 14; 15; 15; 17; 17;
                                              18; 18; 20; 20; 21; 21; 23;
                                               23; 25; 25; 0; 0; 0; 0; 0;
                                               0; 0; 0; 0; 0; 0; 0; 0; 0;
                                               0; 0; 0; 0; 0; 0; 0; 0; 0;
                                               0; 0; 0; 0; 0; 0; 0; 0; 0)
    Block Size                                                        128
    -------------------------- ----------- ------------------------------

    Table Name : Impact of Varying Shared Memory Usage Per Block
    ------------------------------- ----------- ------------------------------
    Metric Name                     Metric Unit                   Metric Value
    ------------------------------- ----------- ------------------------------
    % Occupancy Per Shared Mem Size     %/Kbyte  2.03 (0.03; 0.03; 0.03; 0.03;
                                                       0.03; 0.03; 0.03; 0.03;
                                                       0.03; 0.03; 0.03; 0.03;
                                                       0.03; 0.03; 0.03; 0.03;
                                                       0.03; 0.03; 0.03; 0.03;
                                                       0.03; 0.03; 0.03; 0.03;
                                                       0.03; 0.03; 0.03; 0.03;
                                                       0.03; 0.03; 0.03; 0.03;
                                                       0.03; 0.02; 0.02; 0.02;
                                                       0.02; 0.02; 0.02; 0.02;
                                                       0.02; 0.02; 0.02; 0.01;
                                                       0.01; 0.01; 0.01; 0.01;
                                                       0.01; 0.01; 0.01; 0.01;
                                                       0.01; 0.01; 0.01; 0.01;
                                                       0.01; 0.01; 0.01; 0.01;
                                                       0.01; 0.01; 0.01; 0.01;
                                                       0.01; 0.01; 0.01; 0.01;
                                                       0.01; 0.01; 0.01; 0.01;
                                                       0.01; 0.01; 0.01; 0.01;
                                                       0.01; 0.01; 0.01; 0.01;
                                                       0.01; 0.01; 0.01; 0.01;
                                                       0.01; 0.01; 0.01; 0.01;
                                                       0.01; 0.01; 0.01; 0.01;
                                                       0.01; 0.01; 0.01; 0.01;
                                                       0.01; 0.01; 0.01; 0.01;
                                                       0.01; 0.01; 0.01; 0.01;
                                                       0.01; 0.01; 0.01; 0.01;
                                                       0.01; 0.01; 0.01; 0.01;
                                                       0.01; 0.01; 0.01; 0.01;
                                                       0.01; 0.01; 0.01; 0.01;
                                                       0.01; 0.01; 0.01; 0.01;
                                                       0.01; 0.01; 0.01; 0.01;
                                                       0.01; 0.01; 0.01; 0.01;
                                                       0.01; 0.01; 0.01; 0.01;
                                                       0.01; 0.01; 0.01; 0.01;
                                                       0.01; 0.01; 0.01; 0.01;
                                                       0.01; 0.01; 0.01; 0.01;
                                                       0.01; 0.01; 0.01; 0.01;
                                                       0.01; 0.01; 0.01; 0.01;
                                                       0.01; 0.01; 0.01; 0.01;
                                                       0.01; 0.01; 0.01; 0.01;
                                                       0.01; 0.01; 0.01; 0.01;
                                                       0.01; 0.01; 0.01; 0.01;
                                                       0.01; 0.01; 0.01; 0.01;
                                                       0.01; 0.01; 0.01; 0.01;
                                                       0.01; 0.01; 0.01; 0.01;
                                                       0.01; 0.01; 0.01; 0.01;
                                                       0.01; 0.01; 0.01; 0.01)
    Shared Memory Per Block         Kbyte/block                          50.69
    ------------------------------- ----------- ------------------------------

    # Warps Graphs
    Table Name : Impact of Varying Register Count Per Thread
    -------------------------- --------------- ------------------------------
    Metric Name                    Metric Unit                   Metric Value
    -------------------------- --------------- ------------------------------
    # Warps Per Register Count                    1,028 (4; 4; 4; 4; 4; 4; 4;
                                                   4; 4; 4; 4; 4; 4; 4; 4; 4;
                                                   4; 4; 4; 4; 4; 4; 4; 4; 4;
                                                   4; 4; 4; 4; 4; 4; 4; 4; 4;
                                                   4; 4; 4; 4; 4; 4; 4; 4; 4;
                                                   4; 4; 4; 4; 4; 4; 4; 4; 4;
                                                   4; 4; 4; 4; 4; 4; 4; 4; 4;
                                                   4; 4; 4; 4; 4; 4; 4; 4; 4;
                                                   4; 4; 4; 4; 4; 4; 4; 4; 4;
                                                   4; 4; 4; 4; 4; 4; 4; 4; 4;
                                                   4; 4; 4; 4; 4; 4; 4; 4; 4;
                                                   4; 4; 4; 4; 4; 4; 4; 4; 4;
                                                   4; 4; 4; 4; 4; 4; 4; 4; 4;
                                                   4; 4; 4; 4; 4; 4; 4; 4; 4;
                                                   4; 4; 4; 4; 4; 4; 4; 4; 4;
                                                   4; 4; 4; 4; 4; 4; 4; 4; 4;
                                                   4; 4; 4; 4; 4; 4; 4; 4; 4;
                                                   4; 4; 4; 4; 4; 4; 4; 4; 4;
                                                   4; 4; 4; 4; 4; 4; 4; 4; 4;
                                                   4; 4; 4; 4; 4; 4; 4; 4; 4;
                                                   4; 4; 4; 4; 4; 4; 4; 4; 4;
                                                   4; 4; 4; 4; 4; 4; 4; 4; 4;
                                                   4; 4; 4; 4; 4; 4; 4; 4; 4;
                                                   4; 4; 4; 4; 4; 4; 4; 4; 4;
                                                   4; 4; 4; 4; 4; 4; 4; 4; 4;
                                                   4; 4; 4; 4; 4; 4; 4; 4; 4;
                                                   4; 4; 4; 4; 4; 4; 4; 4; 4;
                                                   4; 4; 4; 4; 4; 4; 4; 4; 4;
                                                         4; 4; 4; 4; 4; 4; 4)
    Registers Per Thread       register/thread                            100
    -------------------------- --------------- ------------------------------

    Table Name : Impact of Varying Block Size
    ---------------------- ----------- ------------------------------
    Metric Name            Metric Unit                   Metric Value
    ---------------------- ----------- ------------------------------
    Block Size                                                    128
    # Warps Per Block Size               273 (1; 1; 1; 2; 2; 3; 3; 4;
                                           4; 5; 5; 6; 6; 7; 7; 8; 8;
                                            9; 9; 10; 10; 11; 11; 12;
                                          12; 13; 13; 14; 14; 15; 15;
                                         16; 16; 0; 0; 0; 0; 0; 0; 0;
                                           0; 0; 0; 0; 0; 0; 0; 0; 0;
                                           0; 0; 0; 0; 0; 0; 0; 0; 0;
                                                 0; 0; 0; 0; 0; 0; 0)
    ---------------------- ----------- ------------------------------

    Table Name : Impact of Varying Shared Memory Usage Per Block
    --------------------------- ----------- ------------------------------
    Metric Name                 Metric Unit                   Metric Value
    --------------------------- ----------- ------------------------------
    # Warps Per Shared Mem Size                 1,332 (16; 16; 16; 16; 16;
                                               16; 16; 16; 16; 16; 16; 16;
                                               16; 16; 16; 16; 16; 16; 16;
                                               16; 16; 16; 16; 16; 16; 16;
                                               16; 16; 16; 16; 16; 16; 16;
                                               12; 12; 12; 12; 12; 12; 12;
                                                12; 12; 12; 8; 8; 8; 8; 8;
                                                8; 8; 8; 8; 8; 8; 8; 8; 8;
                                                8; 8; 8; 8; 8; 8; 8; 8; 4;
                                                4; 4; 4; 4; 4; 4; 4; 4; 4;
                                                4; 4; 4; 4; 4; 4; 4; 4; 4;
                                                4; 4; 4; 4; 4; 4; 4; 4; 4;
                                                4; 4; 4; 4; 4; 4; 4; 4; 4;
                                                4; 4; 4; 4; 4; 4; 4; 4; 4;
                                                4; 4; 4; 4; 4; 4; 4; 4; 4;
                                                4; 4; 4; 4; 4; 4; 4; 4; 4;
                                                4; 4; 4; 4; 4; 4; 4; 4; 4;
                                                4; 4; 4; 4; 4; 4; 4; 4; 4;
                                                4; 4; 4; 4; 4; 4; 4; 4; 4;
                                                4; 4; 4; 4; 4; 4; 4; 4; 4;
                                                4; 4; 4; 4; 4; 4; 4; 4; 4;
                                                4; 4; 4; 4; 4; 4; 4; 4; 4;
                                                4; 4; 4; 4; 4; 4; 4; 4; 4)
    Shared Memory Per Block     Kbyte/block                          50.69
    --------------------------- ----------- ------------------------------

    OPT   Est. Speedup: 85.41%                                                                                          
          The 1.00 theoretical warps per scheduler this kernel can issue according to its occupancy are below the       
          hardware maximum of 16. This kernel's theoretical occupancy (6.2%) is limited by the required amount of       
          shared memory.                                                                                                

