==WARNING== Note: Running with uncontrolled GPU caches. Profiling results may be inconsistent.
==WARNING== Note: Running with unmodified GPU clocks. If not controlled otherwise, profiling results may be inconsistent.
==PROF== Connected to process 26148 (<TEMP>\v100\t18_fa_nc32.exe)
==PROF== Profiling "flash_attn_ext_f16": 0%....50%....100% - 19 passes
==PROF== Disconnected from process 26148
[26148] t18_fa_nc32.exe@127.0.0.1
  void flash_attn_ext_f16<256, 256, 16, 2, 0, 0, 0>(const char *, const char *, const char *, const char *, const char *, const int *, float *, float2 *, float, float, float, float, unsigned int, float, int, uint3, int, int, int, int, int, int, int, int, int, int, int, long long, int, int, long long, int, int, int, int, int, long long) (768, 1, 1)x(32, 4, 1), Context 1, Stream 7, Device 0, CC 7.0
    Warning: Data collection happened without fixed GPU frequencies. Profiling results may be inconsistent.
    Section: GPU Speed Of Light Throughput
    ----------------------- ----------- -------------
    Metric Name             Metric Unit  Metric Value
    ----------------------- ----------- -------------
    DRAM Frequency                  Mhz        876.58
    SM Frequency                    Ghz          1.52
    Elapsed Cycles                cycle    17,105,283
    Memory Throughput                 %         71.29
    DRAM Throughput                   %          8.47
    Duration                         ms         11.22
    L1/TEX Cache Throughput           %         74.48
    L2 Cache Throughput               %         43.94
    SM Active Cycles              cycle 16,320,668.94
    Compute (SM) Throughput           %         40.01
    ----------------------- ----------- -------------

    OPT   Memory is more heavily utilized than Compute: Look at the Memory Workload Analysis section to identify the L1 
          bottleneck. Check memory replay (coalescing) metrics to make sure you're efficiently utilizing the bytes      
          transferred. Also consider whether it is possible to do more work per memory access (kernel fusion) or        
          whether there are values you can (re)compute.                                                                 

    Section: Memory Workload Analysis
    ----------------- ----------- ------------
    Metric Name       Metric Unit Metric Value
    ----------------- ----------- ------------
    Memory Throughput     Gbyte/s        75.99
    Mem Busy                    %        71.29
    Max Bandwidth               %        57.51
    L1/TEX Hit Rate             %        30.98
    L2 Hit Rate                 %        95.99
    Mem Pipes Busy              %        28.91
    ----------------- ----------- ------------

    Section: Scheduler Statistics
    ---------------------------- ----------- ------------
    Metric Name                  Metric Unit Metric Value
    ---------------------------- ----------- ------------
    One or More Eligible                   %        29.87
    Issued Warp Per Scheduler                        0.30
    No Eligible                            %        70.13
    Active Warps Per Scheduler          warp         1.99
    Eligible Warps Per Scheduler        warp         0.36
    ---------------------------- ----------- ------------

    OPT   Est. Local Speedup: 28.71%                                                                                    
          Every scheduler is capable of issuing one instruction per cycle, but for this workload each scheduler only    
          issues an instruction every 3.3 cycles. This might leave hardware resources underutilized and may lead to     
          less optimal performance. Out of the maximum of 16 warps per scheduler, this workload allocates an average    
          of 1.99 active warps per scheduler, but only an average of 0.36 warps were eligible per cycle. Eligible       
          warps are the subset of active warps that are ready to issue their next instruction. Every cycle with no      
          eligible warp results in no instruction being issued and the issue slot remains unused. To increase the       
          number of eligible warps, avoid possible load imbalances due to highly different execution durations per      
          warp. Reducing stalls indicated on the Warp State Statistics and Source Counters sections can help, too.      

    Section: Warp State Statistics
    ---------------------------------------- ----------- ------------
    Metric Name                              Metric Unit Metric Value
    ---------------------------------------- ----------- ------------
    Warp Cycles Per Issued Instruction             cycle         6.66
    Warp Cycles Per Executed Instruction           cycle         6.66
    Avg. Active Threads Per Warp                                   32
    Avg. Not Predicated Off Threads Per Warp                    31.99
    ---------------------------------------- ----------- ------------

    WRN   The optional metric smsp__pcsamp_sample_count could not be found. Collecting it as an additional metric could 
          enable the rule to provide more guidance.                                                                     

    Section: Occupancy
    ------------------------------- ----------- ------------
    Metric Name                     Metric Unit Metric Value
    ------------------------------- ----------- ------------
    Block Limit SM                        block           32
    Block Limit Registers                 block            2
    Block Limit Shared Mem                block            2
    Block Limit Warps                     block           16
    Theoretical Active Warps per SM        warp            8
    Theoretical Occupancy                     %        12.50
    Achieved Occupancy                        %        12.41
    Achieved Active Warps Per SM           warp         7.94
    ------------------------------- ----------- ------------

    OPT   Est. Speedup: 28.71%                                                                                          
          The 2.00 theoretical warps per scheduler this kernel can issue according to its occupancy are below the       
          hardware maximum of 16. This kernel's theoretical occupancy (12.5%) is limited by the number of required      
          registers, and the required amount of shared memory.                                                          

