==WARNING== Note: Running with uncontrolled GPU caches. Profiling results may be inconsistent.
==WARNING== Note: Running with unmodified GPU clocks. If not controlled otherwise, profiling results may be inconsistent.
==PROF== Connected to process 13640 (<TEMP>\v100\t18_fa_harness.exe)
==PROF== Profiling "flash_attn_ext_f16": 0%....50%....100% - 19 passes
==PROF== Disconnected from process 13640
[13640] t18_fa_harness.exe@127.0.0.1
  void flash_attn_ext_f16<256, 256, 32, 2, 0, 0, 0>(const char *, const char *, const char *, const char *, const char *, const int *, float *, float2 *, float, float, float, float, unsigned int, float, int, uint3, int, int, int, int, int, int, int, int, int, int, int, long long, int, int, long long, int, int, int, int, int, long long) (192, 1, 1)x(32, 4, 1), Context 1, Stream 7, Device 0, CC 7.0
    Warning: Data collection happened without fixed GPU frequencies. Profiling results may be inconsistent.
    Section: GPU Speed Of Light Throughput
    ----------------------- ----------- -------------
    Metric Name             Metric Unit  Metric Value
    ----------------------- ----------- -------------
    DRAM Frequency                  Mhz        878.43
    SM Frequency                    Ghz          1.29
    Elapsed Cycles                cycle    23,243,854
    Memory Throughput                 %         38.74
    DRAM Throughput                   %          2.89
    Duration                         ms         17.99
    L1/TEX Cache Throughput           %         47.61
    L2 Cache Throughput               %         23.78
    SM Active Cycles              cycle 18,874,995.84
    Compute (SM) Throughput           %         26.50
    ----------------------- ----------- -------------

    OPT   This workload exhibits low compute throughput and memory bandwidth utilization relative to the peak           
          performance of this device. Achieved compute throughput and/or memory bandwidth below 60.0% of peak           
          typically indicate latency issues. Look at Scheduler Statistics and Warp State Statistics for potential       
          reasons.                                                                                                      

    Section: Memory Workload Analysis
    ----------------- ----------- ------------
    Metric Name       Metric Unit Metric Value
    ----------------- ----------- ------------
    Memory Throughput     Gbyte/s        25.96
    Mem Busy                    %        38.74
    Max Bandwidth               %        33.40
    L1/TEX Hit Rate             %        30.29
    L2 Hit Rate                 %        95.67
    Mem Pipes Busy              %        16.68
    ----------------- ----------- ------------

    Section: Scheduler Statistics
    ---------------------------- ----------- ------------
    Metric Name                  Metric Unit Metric Value
    ---------------------------- ----------- ------------
    One or More Eligible                   %        21.51
    Issued Warp Per Scheduler                        0.22
    No Eligible                            %        78.49
    Active Warps Per Scheduler          warp         1.00
    Eligible Warps Per Scheduler        warp         0.22
    ---------------------------- ----------- ------------

    OPT   Est. Local Speedup: 61.26%                                                                                    
          Every scheduler is capable of issuing one instruction per cycle, but for this workload each scheduler only    
          issues an instruction every 4.6 cycles. This might leave hardware resources underutilized and may lead to     
          less optimal performance. Out of the maximum of 16 warps per scheduler, this workload allocates an average    
          of 1.00 active warps per scheduler, but only an average of 0.22 warps were eligible per cycle. Eligible       
          warps are the subset of active warps that are ready to issue their next instruction. Every cycle with no      
          eligible warp results in no instruction being issued and the issue slot remains unused. To increase the       
          number of eligible warps, avoid possible load imbalances due to highly different execution durations per      
          warp. Reducing stalls indicated on the Warp State Statistics and Source Counters sections can help, too.      

    Section: Warp State Statistics
    ---------------------------------------- ----------- ------------
    Metric Name                              Metric Unit Metric Value
    ---------------------------------------- ----------- ------------
    Warp Cycles Per Issued Instruction             cycle         4.65
    Warp Cycles Per Executed Instruction           cycle         4.65
    Avg. Active Threads Per Warp                                   32
    Avg. Not Predicated Off Threads Per Warp                    32.00
    ---------------------------------------- ----------- ------------

    WRN   The optional metric smsp__pcsamp_sample_count could not be found. Collecting it as an additional metric could 
          enable the rule to provide more guidance.                                                                     

    Section: Occupancy
    ------------------------------- ----------- ------------
    Metric Name                     Metric Unit Metric Value
    ------------------------------- ----------- ------------
    Block Limit SM                        block           32
    Block Limit Registers                 block            2
    Block Limit Shared Mem                block            1
    Block Limit Warps                     block           16
    Theoretical Active Warps per SM        warp            4
    Theoretical Occupancy                     %         6.25
    Achieved Occupancy                        %         6.25
    Achieved Active Warps Per SM           warp         4.00
    ------------------------------- ----------- ------------

    OPT   Est. Speedup: 61.26%                                                                                          
          The 1.00 theoretical warps per scheduler this kernel can issue according to its occupancy are below the       
          hardware maximum of 16. This kernel's theoretical occupancy (6.2%) is limited by the required amount of       
          shared memory.                                                                                                

